// Jest Snapshot v1, https://goo.gl/fbAQLP

exports[`Test to component <HookApp/> Should display the component <HooApp/> correctly 1`] = `
<div>
  <h1>
    Hola Mundo
  </h1>
</div>
`;
