// Jest Snapshot v1, https://goo.gl/fbAQLP

exports[`Test on <HomeScreen/> Should display correctly 1`] = `
Array [
  <div>
    <h1>
      HomeScreen
    </h1>
    <hr />
    <pre>
      {
   "name": "Arian",
   "email": "arian.angoma@tecsup.edu.pe"
}
    </pre>
  </div>,
  ")",
]
`;
