// Jest Snapshot v1, https://goo.gl/fbAQLP

exports[`Test on <LoginScreen/> Should display correctly 1`] = `
<div>
  <h1>
    LoginScreen
  </h1>
  <hr />
  <button
    className="btn btn-primary"
    onClick={[Function]}
  >
    login
  </button>
</div>
`;
